:55: error: (assignability.invalid)
:56: error: (assignability.invalid)
:57: error: (assignability.invalid)
:58: error: (assignability.invalid)
:59: error: (assignability.invalid)
:60: error: (assignability.invalid)
:61: error: (assignability.invalid)
:62: error: (assignability.invalid)
:74: error: (assignability.invalid)
:75: error: (assignability.invalid)
:81: error: (method.invocation.invalid)
:82: error: (method.invocation.invalid)
:102: error: (method.invocation.invalid)
:108: error: (method.invocation.invalid)
:109: error: (method.invocation.invalid)
:110: error: (assignability.invalid)
:112: error: (method.invocation.invalid)
:114: error: (assignability.invalid)
:125: error: (assignment.type.incompatible)
:126: error: (assignment.type.incompatible)
