:20: error: (argument.type.incompatible)
:21: error: (argument.type.incompatible)
:22: error: (argument.type.incompatible)
:25: error: (argument.type.incompatible)
:27: error: (argument.type.incompatible)
:28: error: (argument.type.incompatible)
:53: error: (assignability.invalid)
