:54: error: (assignability.invalid)
:55: error: (assignability.invalid)
:56: error: (assignability.invalid)
:57: error: (assignability.invalid)
:58: error: (assignability.invalid)
:59: error: (assignability.invalid)
:60: error: (assignability.invalid)
:61: error: (assignability.invalid)
:73: error: (assignability.invalid)
:74: error: (assignability.invalid)
:80: error: (method.invocation.invalid)
:81: error: (method.invocation.invalid)
:101: error: (method.invocation.invalid)
:107: error: (method.invocation.invalid)
:108: error: (method.invocation.invalid)
:109: error: (assignability.invalid)
:111: error: (method.invocation.invalid)
:113: error: (assignability.invalid)
