TemplateImmutability.java:17: error: (assignment.type.incompatible)
TemplateImmutability.java:18: error: (assignment.type.incompatible)
TemplateImmutability.java:19: error: (assignment.type.incompatible)
TemplateImmutability.java:22: error: (assignment.type.incompatible)
TemplateImmutability.java:23: error: (assignment.type.incompatible)
TemplateImmutability.java:25: error: (assignment.type.incompatible)
TemplateImmutability.java:26: error: (assignment.type.incompatible)
TemplateImmutability.java:38: error: (assignment.type.incompatible)
TemplateImmutability.java:41: error: (assignment.type.incompatible)
TemplateImmutability.java:45: error: (assignment.type.incompatible)
TemplateImmutability.java:46: error: (assignment.type.incompatible)
TemplateImmutability.java:73: error: (assignment.type.incompatible)
TemplateImmutability.java:74: error: (assignment.type.incompatible)
TemplateImmutability.java:75: error: (assignment.type.incompatible)
TemplateImmutability.java:76: error: (assignment.type.incompatible)
TemplateImmutability.java:77: error: (assignment.type.incompatible)
TemplateImmutability.java:78: error: (assignment.type.incompatible)
TemplateImmutability.java:79: error: (assignment.type.incompatible)
TemplateImmutability.java:80: error: (assignment.type.incompatible)
TemplateImmutability.java:84: error: (assignment.type.incompatible)
TemplateImmutability.java:85: error: (assignment.type.incompatible)
TemplateImmutability.java:86: error: (assignment.type.incompatible)
TemplateImmutability.java:87: error: (assignment.type.incompatible)
TemplateImmutability.java:89: error: (assignment.type.incompatible)
TemplateImmutability.java:90: error: (assignment.type.incompatible)
TemplateImmutability.java:91: error: (assignment.type.incompatible)
TemplateImmutability.java:92: error: (assignment.type.incompatible)
TemplateImmutability.java:114: error: (assignment.type.incompatible)
TemplateImmutability.java:115: error: (assignment.type.incompatible)
TemplateImmutability.java:116: error: (assignment.type.incompatible)
TemplateImmutability.java:121: error: (assignment.type.incompatible)
TemplateImmutability.java:122: error: (assignment.type.incompatible)
TemplateImmutability.java:123: error: (assignment.type.incompatible)
TemplateImmutability.java:124: error: (assignment.type.incompatible)
TemplateImmutability.java:129: error: (assignment.type.incompatible)
TemplateImmutability.java:131: error: (assignment.type.incompatible)
TemplateImmutability.java:132: error: (assignment.type.incompatible)
