ThisReference.java:16: error: (argument.type.incompatible)
ThisReference.java:23: error: (argument.type.incompatible)
ThisReference.java:30: error: (argument.type.incompatible)
