ThisReference.java:13: error: (argument.type.incompatible)
ThisReference.java:14: error: (argument.type.incompatible)
ThisReference.java:19: error: (argument.type.incompatible)
ThisReference.java:20: error: (argument.type.incompatible)
ThisReference.java:26: error: (argument.type.incompatible)
ThisReference.java:31: error: (argument.type.incompatible)
